============================= test session starts =============================
platform win32 -- Python 3.13.7, pytest-9.0.2, pluggy-1.6.0 -- C:\Users\Chaitanya Roy\AppData\Local\Programs\Python\Python313\python.exe
cachedir: .pytest_cache
rootdir: C:\Users\Chaitanya Roy\OneDrive\Desktop\AI_Agent\agents
configfile: pytest.ini (WARNING: ignoring pytest config in pyproject.toml!)
plugins: anyio-4.10.0, dash-3.2.0, asyncio-1.3.0
asyncio: mode=Mode.AUTO, debug=False, asyncio_default_fixture_loop_scope=function, asyncio_default_test_loop_scope=function
collecting ... collected 1 item

python :   File "C:\Users\Chaitanya Roy\OneDrive\Desktop\AI_Agent\agents\livekit-agents\liv
ekit\agents\voice\agent_activity.py", line 405, in _context_aware_coro
At line:1 char:64
+ ... t\agents" ; python -m pytest tests/test_interruption_softacks.py::tes ...
+                 ~~~~~~~~~~~~~~~~~~~~~~~~~~~~~~~~~~~~~~~~~~~~~~~~~~~~~~~~~
    + CategoryInfo          : NotSpecified: (  File "C:\User...text_aware_coro:String) [], 
    RemoteException
    + FullyQualifiedErrorId : NativeCommandError
 
    return await coro
  File "C:\Users\Chaitanya 
Roy\OneDrive\Desktop\AI_Agent\agents\livekit-agents\livekit\agents\utils\log.py", line 16, 
in async_fn_logs
    return await fn(*args, **kwargs)
  File "C:\Users\Chaitanya Roy\OneDrive\Desktop\AI_Agent\agents\livekit-agents\livekit\agen
ts\voice\agent_activity.py", line 1799, in _pipeline_reply_task
    await self._pipeline_reply_task_impl(
  File "C:\Users\Chaitanya Roy\OneDrive\Desktop\AI_Agent\agents\livekit-agents\livekit\agen
ts\voice\agent_activity.py", line 1905, in _pipeline_reply_task_impl
    self._session._update_agent_state("thinking")
  File "C:\Users\Chaitanya Roy\OneDrive\Desktop\AI_Agent\agents\livekit-agents\livekit\agen
ts\voice\agent_session.py", line 1190, in _update_agent_state
    traceback.print_stack(limit=5)
  File "C:\Users\Chaitanya Roy\OneDrive\Desktop\AI_Agent\agents\livekit-agents\livekit\agen
ts\voice\agent_activity.py", line 405, in _context_aware_coro
    return await coro
  File "C:\Users\Chaitanya 
Roy\OneDrive\Desktop\AI_Agent\agents\livekit-agents\livekit\agents\utils\log.py", line 16, 
in async_fn_logs
    return await fn(*args, **kwargs)
  File "C:\Users\Chaitanya Roy\OneDrive\Desktop\AI_Agent\agents\livekit-agents\livekit\agen
ts\voice\agent_activity.py", line 1799, in _pipeline_reply_task
    await self._pipeline_reply_task_impl(
  File "C:\Users\Chaitanya Roy\OneDrive\Desktop\AI_Agent\agents\livekit-agents\livekit\agen
ts\voice\agent_activity.py", line 1905, in _pipeline_reply_task_impl
    self._session._update_agent_state("thinking")
  File "C:\Users\Chaitanya Roy\OneDrive\Desktop\AI_Agent\agents\livekit-agents\livekit\agen
ts\voice\agent_session.py", line 1190, in _update_agent_state
    traceback.print_stack(limit=5)
tests/test_interruption_softacks.py::test_scenario_1_soft_acks_during_speaking DEBUG: State transition to listening from initializing
DEBUG FakeSTT: send_fake_transcript(text='Tell me', is_final=False)
DEBUG FakeSTT: send_fake_transcript(text='Tell me about history', is_final=True)
DEBUG: State transition to thinking from listening
DEBUG FakeSTT: send_fake_transcript(text='okay', is_final=False)
DEBUG: Filtered interim soft-ack 'okay' in state 'thinking'
DEBUG FakeSTT: send_fake_transcript(text='okay', is_final=True)
DEBUG: Filtered final soft-ack 'okay' in state 'thinking'
DEBUG FakeSTT: send_fake_transcript(text='yeah', is_final=False)
DEBUG: Filtered interim soft-ack 'yeah' in state 'thinking'
DEBUG FakeSTT: send_fake_transcript(text='yeah', is_final=True)
DEBUG: Filtered final soft-ack 'yeah' in state 'speaking'
DEBUG FakeSTT: send_fake_transcript(text='uh-huh', is_final=False)
DEBUG: Filtered interim soft-ack 'uh-huh' in state 'speaking'
DEBUG FakeSTT: send_fake_transcript(text='uh-huh', is_final=True)
DEBUG: Filtered final soft-ack 'uh-huh' in state 'speaking'
DEBUG: State transition to listening from speaking
DEBUG: _on_pipeline_reply_done called, speech_q=0, current_speech=None
DEBUG: Transitioning to listening in _on_pipeline_reply_done
History is
DEBUG: State transition to thinking from listening

DEBUG: tool_output.output = [], current state = thinking
DEBUG: Transitioning to listening from thinking
DEBUG: State transition to listening from thinking
DEBUG: _on_pipeline_reply_done called, speech_q=0, current_speech=<livekit.agents.voice.speech_handle.SpeechHandle object at 0x00000199EB0C6350>
DEBUG: Transitioning to listening in _on_pipeline_reply_done


FAILED

================================== FAILURES ===================================
__________________ test_scenario_1_soft_acks_during_speaking __________________

    @pytest.mark.asyncio
    async def test_scenario_1_soft_acks_during_speaking() -> None:
        """
        Scenario 1: The Long Explanation
        Agent is reading a long paragraph. User says "Okay... yeah... uh-huh" while Agent is talking.
        Result: Agent audio does not break. It ignores the user input completely.
    
        PASS CONDITION: Only ONE thinking phase should occur (the initial response).
        If soft-acks caused interruptions, we'd see multiple thinking phases.
        """
        speed = 5.0
        actions = FakeActions()
        # Agent starts by processing a user request
        actions.add_user_speech(0.5, 1.0, "Tell me about history")
        # Agent generates a long response
        actions.add_llm("History is the study of past events. Let me explain more...", input="Tell me about history")
        actions.add_tts(8.0)  # Long TTS playback (8 seconds in fake-time) - covers all soft-acks during speaking
    
        # While agent is speaking, user interjects with soft-acks (should be ignored)
        actions.add_user_speech(1.5, 1.55, "okay")
        actions.add_user_speech(2.0, 2.05, "yeah")
        actions.add_user_speech(2.5, 2.55, "uh-huh")
    
        session = create_session(actions, speed_factor=speed)
        agent = SimpleAgent()
    
        agent_state_events = []
        session.on("agent_state_changed", agent_state_events.append)
    
        await asyncio.wait_for(run_session(session, agent), timeout=SESSION_TIMEOUT)
        # If soft-acks caused interruptions, we'd see multiple thinking phases
        transitions = [(ev.old_state, ev.new_state) for ev in agent_state_events]
    
        # Count thinking phases: should be exactly 1 (initial response)
        thinking_entries = [t for t in transitions if t[1] == "thinking"]
>       assert len(thinking_entries) == 1, (
            f"Expected exactly 1 thinking phase (initial response only), "
            f"but got {len(thinking_entries)}. This means soft-acks triggered extra interrupts. "
            f"Transitions: {transitions}"
        )
E       AssertionError: Expected exactly 1 thinking phase (initial response only), but got 2. This means soft-acks triggered extra interrupts. Transitions: [('initializing', 'listening'), ('listening', 'thinking'), ('thinking', 'speaking'), ('speaking', 'listening'), ('listening', 'thinking'), ('thinking', 'listening')]
E       assert 2 == 1
E        +  where 2 = len([('listening', 'thinking'), ('listening', 'thinking')])

tests\test_interruption_softacks.py:55: AssertionError
------------------------------ Captured log call ------------------------------
WARNING  livekit.agents:agent_session.py:692 resume_false_interruption is enabled but audio output does not support pause, it will be ignored
=========================== short test summary info ===========================
FAILED tests/test_interruption_softacks.py::test_scenario_1_soft_acks_during_speaking
!!!!!!!!!!!!!!!!!!!!!!!!!! stopping after 1 failures !!!!!!!!!!!!!!!!!!!!!!!!!!
============================== 1 failed in 4.92s ==============================
